// Jest Snapshot v1, https://goo.gl/fbAQLP

exports[`Snapshots renders homepage unchanged 1`] = `
<div
  className="container"
>
  <main
    className="main"
  >
    <h1
      className="title"
    >
      Welcome to 
      <a
        href="https://nextjs.org"
      >
        Next.js!
      </a>
    </h1>
    <p
      className="description"
    >
      Get started by editing 
      <code
        className="code"
      >
        pages/index.js
      </code>
    </p>
    <div
      className="grid"
    >
      <a
        className="card"
        href="https://nextjs.org/docs"
      >
        <h2>
          Documentation
           →
        </h2>
        <p>
          Find in-depth information about Next.js features and API.
        </p>
        <svg
          className="logo"
        >
          <use
            xlinkHref="/icons.svg#vercel"
          />
        </svg>
      </a>
      <a
        className="card"
        href="https://nextjs.org/learn"
      >
        <h2>
          Learn
           →
        </h2>
        <p>
          Learn about Next.js in an interactive course with quizzes!
        </p>
        <svg
          className="logo"
        >
          <use
            xlinkHref="/icons.svg#vercel"
          />
        </svg>
      </a>
      <a
        className="card"
        href="https://nextjs.org/examples"
      >
        <h2>
          Examples
           →
        </h2>
        <p>
          Discover and deploy boilerplate example Next.js projects.
        </p>
        <svg
          className="logo"
        >
          <use
            xlinkHref="/icons.svg#vercel"
          />
        </svg>
      </a>
      <a
        className="card"
        href="https://vercel.com/new?utm_source=create-next-app&utm_medium=default-template&utm_campaign=create-next-app"
      >
        <h2>
          Deploy
           →
        </h2>
        <p>
          Instantly deploy your Next.js site to a public URL with Vercel.
        </p>
        <svg
          className="logo"
        >
          <use
            xlinkHref="/icons.svg#vercel"
          />
        </svg>
      </a>
    </div>
  </main>
</div>
`;
